**********************************************************************
** Visual Studio 2022 Developer Command Prompt v17.14.13
** Copyright (c) 2025 Microsoft Corporation
**********************************************************************
[vcvarsall.bat] Environment initialized for: 'x64'
Compiling platform_win.c...
.\test_compile.bat : Microsoft (R) C/C++ Optimizing 
Compiler Version 19.44.35215 for x64
At line:1 char:1
+ .\test_compile.bat > test_log.txt 2>&1
+ ~~~~~~~~~~~~~~~~~~~~~~~~~~~~~~~~~~~~~~
    + CategoryInfo          : NotSpecified: (Microso 
   ft (R) C...4.35215 for x64:String) [], RemoteExc  
  eption
    + FullyQualifiedErrorId : NativeCommandError
 
Copyright (C) Microsoft Corporation.  All rights 
reserved.

platform_win.c
src/platform/platform_win.c(273): warning C4133: 'return': incompatible types - from 'PlatformThread *' to 'PlatformThread *'
src/platform/platform_win.c(278): error C2039: 'handle': is not a member of 'PlatformThread'
D:\github.com\kru\sendtoy_c\src\platform\platform.h(80): note: see declaration of 'PlatformThread'
src/platform/platform_win.c(278): warning C4022: 'WaitForSingleObject': pointer mismatch for actual parameter 1
src/platform/platform_win.c(278): error C2198: 'DWORD WaitForSingleObject(HANDLE,DWORD)': too few arguments for call
src/platform/platform_win.c(279): error C2039: 'handle': is not a member of 'PlatformThread'
D:\github.com\kru\sendtoy_c\src\platform\platform.h(80): note: see declaration of 'PlatformThread'
src/platform/platform_win.c(279): error C2198: 'BOOL CloseHandle(HANDLE)': too few arguments for call
src/platform/platform_win.c(286): error C2039: 'handle': is not a member of 'PlatformThread'
D:\github.com\kru\sendtoy_c\src\platform\platform.h(80): note: see declaration of 'PlatformThread'
src/platform/platform_win.c(286): error C2198: 'BOOL CloseHandle(HANDLE)': too few arguments for call
src/platform/platform_win.c(300): warning C4133: 'return': incompatible types - from 'PlatformMutex *' to 'PlatformMutex *'
src/platform/platform_win.c(305): error C2039: 'cs': is not a member of 'PlatformMutex'
D:\github.com\kru\sendtoy_c\src\platform\platform.h(72): note: see declaration of 'PlatformMutex'
src/platform/platform_win.c(305): error C2198: 'void EnterCriticalSection(LPCRITICAL_SECTION)': too few arguments for call
src/platform/platform_win.c(311): error C2039: 'cs': is not a member of 'PlatformMutex'
D:\github.com\kru\sendtoy_c\src\platform\platform.h(72): note: see declaration of 'PlatformMutex'
src/platform/platform_win.c(311): error C2198: 'void LeaveCriticalSection(LPCRITICAL_SECTION)': too few arguments for call
src/platform/platform_win.c(317): error C2039: 'cs': is not a member of 'PlatformMutex'
D:\github.com\kru\sendtoy_c\src\platform\platform.h(72): note: see declaration of 'PlatformMutex'
src/platform/platform_win.c(317): error C2198: 'void DeleteCriticalSection(LPCRITICAL_SECTION)': too few arguments for call
Compilation Failed
